// Jest Snapshot v1, https://goo.gl/fbAQLP

exports[`Snapshot-Testing Works 1`] = `
<div
  className="studentLayout"
  data-jsx={3724175818}
>
  <div
    className="header"
    data-jsx={3724175818}
  >
    <button
      className="ui basic icon button"
      disabled={undefined}
      onClick={[Function]}
      tabIndex={undefined}
    >
      <i
        aria-hidden="true"
        className="content icon"
      />
    </button>
    <h1
      data-jsx={3724175818}
    >
      Active Question
    </h1>
  </div>
  <div
    className="content"
    data-jsx={3724175818}
  >
    <div
      className="sidebar"
      data-jsx={3743778143}
    >
      <div
        className="pushable"
      >
        <div
          className="ui vertical labeled icon ui overlay left wide sidebar sidebarMenu menu"
        >
          <a
            className="active item"
            onClick={[Function]}
          >
            <span>
              Active Question
            </span>
          </a>
          <a
            className="item"
            onClick={[Function]}
          >
            <span>
              Feedback-Channel
            </span>
          </a>
        </div>
        <div
          className="pusher"
        >
          <div
            className="activeQuestion"
            data-jsx={1851307869}
          >
            <div
              className="collapser"
              data-jsx={1851307869}
            >
              <div
                className="collapser"
                data-jsx={290410321}
              >
                <div
                  className="content collapsed"
                  data-jsx={290410321}
                >
                  <p
                    data-jsx={1851307869}
                  >
                    hello this is a very short question that is getting longer and longer as we speak. it is in fact very very long. the end is even hidden at the beginning.
                  </p>
                  <p
                    data-jsx={1851307869}
                  >
                    wow, is this a long question. i could never have imagined seeing such a question.
                  </p>
                  <p
                    data-jsx={1851307869}
                  >
                    hello this is a very short question that is getting longer and longer as we speak. it is in fact very very long. the end is even hidden at the beginning.
                  </p>
                  <p
                    data-jsx={1851307869}
                  >
                    wow, is this a long question. i could never have imagined seeing such a question.
                  </p>
                </div>
                <div
                  className="collapse"
                  data-jsx={290410321}
                >
                  <i
                    aria-hidden="true"
                    className="angle double down icon"
                    onClick={[Function]}
                  />
                </div>
              </div>
            </div>
            <div
              className="options"
              data-jsx={1851307869}
            >
              <div
                className="options"
                data-jsx={2080075436}
              >
                <div
                  className="option"
                  data-jsx={2080075436}
                >
                  <button
                    className="ui basic fluid button"
                    disabled={undefined}
                    onClick={[Function]}
                    tabIndex={undefined}
                  >
                    answer1
                  </button>
                </div>
                <div
                  className="option"
                  data-jsx={2080075436}
                >
                  <button
                    className="ui basic fluid button"
                    disabled={undefined}
                    onClick={[Function]}
                    tabIndex={undefined}
                  >
                    antwort 2
                  </button>
                </div>
                <div
                  className="option"
                  data-jsx={2080075436}
                >
                  <button
                    className="ui basic fluid button"
                    disabled={undefined}
                    onClick={[Function]}
                    tabIndex={undefined}
                  >
                    option 3
                  </button>
                </div>
                <div
                  className="option"
                  data-jsx={2080075436}
                >
                  <button
                    className="ui basic fluid button"
                    disabled={undefined}
                    onClick={[Function]}
                    tabIndex={undefined}
                  >
                    tschege
                  </button>
                </div>
              </div>
            </div>
            <div
              className="actionArea"
              data-jsx={1851307869}
            >
              <button
                className="ui primary disabled button submitButton"
                disabled={true}
                onClick={[Function]}
                tabIndex={-1}
              >
                <span>
                  Send
                </span>
              </button>
            </div>
          </div>
        </div>
      </div>
    </div>
  </div>
</div>
`;
