// Jest Snapshot v1, https://goo.gl/fbAQLP

exports[`Snapshot-Testing Works 1`] = `
<main>
  <header>
    <h1>
      <span>
        Hello World
      </span>
    </h1>
  </header>
  Welcome to the new Klicker!
  <a
    href="/questions"
    onClick={[Function]}
  >
    List of questions
  </a>
</main>
`;
