// Jest Snapshot v1, https://goo.gl/fbAQLP

exports[`onDragEnd handles dragging an item correctly 1`] = `
Array [
  option 2,
  option 3,
  option 1,
]
`;

exports[`reorder updates order correctly 1`] = `
Array [
  option 2,
  option 3,
  option 1,
]
`;

exports[`reorder updates order correctly 2`] = `
Array [
  option 1,
  option 2,
  option 3,
]
`;

exports[`reorder updates order correctly 3`] = `
Array [
  option 3,
  option 1,
  option 2,
]
`;

exports[`reorder updates order correctly 4`] = `
Array [
  option 2,
  option 3,
  option 1,
]
`;
