// Jest Snapshot v1, https://goo.gl/fbAQLP

exports[`QuestionService createQuestion allows creating a valid question 1`] = `

    Title: valid question
    Type: SC

    Instances: []
    Tags: [ABCD,test]
    Versions: 
      Description: blabla
      Instances: []
      Options: [option1 false,option2 true]
    
  
`;
